> Task :app:preBuild UP-TO-DATE
> Task :app:preDebugBuild UP-TO-DATE
> Task :app:mergeDebugNativeDebugMetadata NO-SOURCE
> Task :app:checkKotlinGradlePluginConfigurationErrors SKIPPED
> Task :app:dataBindingMergeDependencyArtifactsDebug
> Task :app:generateDebugResValues
> Task :app:generateDebugResources
> Task :app:packageDebugResources
> Task :app:processDebugNavigationResources
> Task :app:generateDebugBuildConfig
> Task :app:checkDebugAarMetadata
> Task :app:compileDebugNavigationResources
> Task :app:mapDebugSourceSetPaths
> Task :app:createDebugCompatibleScreenManifests
> Task :app:parseDebugLocalResources
> Task :app:mergeDebugResources
> Task :app:extractDeepLinksDebug
> Task :app:dataBindingGenBaseClassesDebug
> Task :app:processDebugMainManifest
> Task :app:processDebugManifest
> Task :app:processDebugManifestForPackage
> Task :app:javaPreCompileDebug
> Task :app:mergeDebugShaders
> Task :app:compileDebugShaders NO-SOURCE
> Task :app:generateDebugAssets UP-TO-DATE
> Task :app:mergeDebugAssets
> Task :app:compressDebugAssets
> Task :app:desugarDebugFileDependencies
> Task :app:mergeDebugJniLibFolders
> Task :app:mergeDebugNativeLibs NO-SOURCE
> Task :app:stripDebugDebugSymbols NO-SOURCE
> Task :app:validateSigningDebug
> Task :app:checkDebugDuplicateClasses
> Task :app:writeDebugAppMetadata
> Task :app:writeDebugSigningConfigVersions
> Task :app:mergeLibDexDebug
> Task :app:processDebugResources
> Task :app:mergeExtDexDebug

> Task :app:kaptGenerateStubsDebugKotlin
w: Kapt currently doesn't support language version 2.0+. Falling back to 1.9.

> Task :app:kaptDebugKotlin

> Task :app:compileDebugKotlin FAILED
./gradlew : e: file
:///C:/Users/Umut/D
esktop/_SoftwareDev
/_Projeler/PatiTaki
p/frontend/app/src/
main/kotlin/com/umu
tsibara/patitakip/u
i/fragments/CreateR
eportFragment.kt:18
1:13 No value 
passed for 
parameter 'adres'.
At line:1 char:1
+ ./gradlew 
assembleDebug 2>&1 
| Out-File 
-FilePath 
build_output.txt 
-E ...
+ ~~~~~~~~~~~~~~~~~
~~~~~~~~~~~
    + CategoryInfo 
             : No  
  tSpecified: (e   
 : file:///C:/U    
...ameter 'adr    
es'.:String) [    
], RemoteExcep    
tion
    + FullyQualifi 
   edErrorId : Na  
  tiveCommandErr   
 or
 
e: file:///C:/Users
/Umut/Desktop/_Soft
wareDev/_Projeler/P
atiTakip/frontend/a
pp/src/main/kotlin/
com/umutsibara/pati
takip/ui/fragments/
CreateReportFragmen
t.kt:181:13 No 
value passed for 
parameter 'fotoId'.
e: file:///C:/Users
/Umut/Desktop/_Soft
wareDev/_Projeler/P
atiTakip/frontend/a
pp/src/main/kotlin/
com/umutsibara/pati
takip/ui/fragments/
FeedFragment.kt:43:
26 Unresolved 
reference 'R'.

FAILURE: Build 
failed with an 
exception.

* What went wrong:
Execution failed 
for task ':app:comp
ileDebugKotlin'.
> A failure 
occurred while 
executing org.jetbr
ains.kotlin.compile
rRunner.GradleCompi
lerRunnerWithWorker
s$GradleKotlinCompi
lerWorkAction
   > Compilation 
error. See log for 
more details

* Try:
> Run with 
--stacktrace 
option to get the 
stack trace.
> Run with --info 
or --debug option 
to get more log 
output.
> Run with --scan 
to get full 
insights.
> Get more help at 
https://help.gradle
.org.

BUILD FAILED in 11s
33 actionable tasks: 33 executed
