1. Checking headers and login...
Login successful. Token obtained.
2. Uploading photo from c:\Users\Umut\Desktop\_SoftwareDev\_Projeler\PatiTakip\foto.jpg...
Upload successful!
Image ID: 4
Image URL Path: /uploads/photos/foto-1767789899777-220374031.webp
3. Attempting to retrieve image from http://localhost:3000/uploads/photos/foto-1767789899777-220374031.webp...
SUCCESS: Image retrieved! Size: 35236 bytes.
Verification Complete: Image upload and retrieval works.
